
> frontend@0.0.0 build
> tsc -b && vite build

[36mvite v8.0.10 [32mbuilding client environment for production...[36m[39m
[2Ktransforming...✓ 635 modules transformed.
rendering chunks...
computing gzip size...
dist/index.html                   0.45 kB │ gzip:   0.29 kB
dist/assets/index-C-EZ79le.css   24.10 kB │ gzip:   5.43 kB
dist/assets/index-gmm8SoCQ.js   631.39 kB │ gzip: 189.98 kB

[32m✓ built in 46.94s[39m
[33m[plugin builtin:vite-reporter] 
(!) Some chunks are larger than 500 kB after minification. Consider:
- Using dynamic import() to code-split the application
- Use build.rolldownOptions.output.codeSplitting to improve chunking: https://rolldown.rs/reference/OutputOptions.codeSplitting
- Adjust chunk size limit for this warning via build.chunkSizeWarningLimit.[39m
